// Jest Snapshot v1, https://goo.gl/fbAQLP

exports[`app icon should render correctly 1`] = `
ShallowWrapper {
  "length": 1,
  Symbol(enzyme.__root__): [Circular],
  Symbol(enzyme.__unrendered__): <AppIcon
    app={
      Object {
        "name": "Drive",
        "slug": "cozy-drive",
      }
    }
  />,
  Symbol(enzyme.__renderer__): Object {
    "batchedUpdates": [Function],
    "getNode": [Function],
    "render": [Function],
    "simulateEvent": [Function],
    "unmount": [Function],
  },
  Symbol(enzyme.__node__): Object {
    "instance": null,
    "key": undefined,
    "nodeType": "host",
    "props": Object {
      "children": <a
        data-icon=""
        href={undefined}
        onClick={null}
        role="menuitem"
        title="Drive"
      >
        <img
          alt=""
          className="blurry"
          height="64"
          src="test-file-stub"
          width="64"
        />
        <p
          className="coz-label"
        >
          Drive
        </p>
      </a>,
      "className": "coz-nav-item",
    },
    "ref": null,
    "rendered": Object {
      "instance": null,
      "key": undefined,
      "nodeType": "host",
      "props": Object {
        "children": Array [
          <img
            alt=""
            className="blurry"
            height="64"
            src="test-file-stub"
            width="64"
          />,
          <p
            className="coz-label"
          >
            Drive
          </p>,
        ],
        "data-icon": "",
        "href": undefined,
        "onClick": null,
        "role": "menuitem",
        "title": "Drive",
      },
      "ref": null,
      "rendered": Array [
        Object {
          "instance": null,
          "key": undefined,
          "nodeType": "host",
          "props": Object {
            "alt": "",
            "className": "blurry",
            "height": "64",
            "src": "test-file-stub",
            "width": "64",
          },
          "ref": null,
          "rendered": null,
          "type": "img",
        },
        Object {
          "instance": null,
          "key": undefined,
          "nodeType": "host",
          "props": Object {
            "children": "Drive",
            "className": "coz-label",
          },
          "ref": null,
          "rendered": "Drive",
          "type": "p",
        },
      ],
      "type": "a",
    },
    "type": "li",
  },
  Symbol(enzyme.__nodes__): Array [
    Object {
      "instance": null,
      "key": undefined,
      "nodeType": "host",
      "props": Object {
        "children": <a
          data-icon=""
          href={undefined}
          onClick={null}
          role="menuitem"
          title="Drive"
        >
          <img
            alt=""
            className="blurry"
            height="64"
            src="test-file-stub"
            width="64"
          />
          <p
            className="coz-label"
          >
            Drive
          </p>
        </a>,
        "className": "coz-nav-item",
      },
      "ref": null,
      "rendered": Object {
        "instance": null,
        "key": undefined,
        "nodeType": "host",
        "props": Object {
          "children": Array [
            <img
              alt=""
              className="blurry"
              height="64"
              src="test-file-stub"
              width="64"
            />,
            <p
              className="coz-label"
            >
              Drive
            </p>,
          ],
          "data-icon": "",
          "href": undefined,
          "onClick": null,
          "role": "menuitem",
          "title": "Drive",
        },
        "ref": null,
        "rendered": Array [
          Object {
            "instance": null,
            "key": undefined,
            "nodeType": "host",
            "props": Object {
              "alt": "",
              "className": "blurry",
              "height": "64",
              "src": "test-file-stub",
              "width": "64",
            },
            "ref": null,
            "rendered": null,
            "type": "img",
          },
          Object {
            "instance": null,
            "key": undefined,
            "nodeType": "host",
            "props": Object {
              "children": "Drive",
              "className": "coz-label",
            },
            "ref": null,
            "rendered": "Drive",
            "type": "p",
          },
        ],
        "type": "a",
      },
      "type": "li",
    },
  ],
  Symbol(enzyme.__options__): Object {
    "adapter": ReactSixteenAdapter {
      "options": Object {
        "enableComponentDidUpdateOnSetState": true,
      },
    },
  },
}
`;
